feature@org.eclipse.rse.core=v20060427,:pserver:anonymous@dev.eclipse.org:/cvsroot/dsdp,,org.eclipse.tm.rse/features/org.eclipse.rse.core-feature
feature@org.eclipse.rse.dstore=v20060427,:pserver:anonymous@dev.eclipse.org:/cvsroot/dsdp,,org.eclipse.tm.rse/features/org.eclipse.rse.dstore-feature
feature@org.eclipse.rse.ftp=v20060427,:pserver:anonymous@dev.eclipse.org:/cvsroot/dsdp,,org.eclipse.tm.rse/features/org.eclipse.rse.ftp-feature
feature@org.eclipse.rse.local=v20060427,:pserver:anonymous@dev.eclipse.org:/cvsroot/dsdp,,org.eclipse.tm.rse/features/org.eclipse.rse.local-feature
plugin@org.eclipse.dstore.core=v20060427,:pserver:anonymous@dev.eclipse.org:/cvsroot/dsdp,,org.eclipse.tm.rse/plugins/org.eclipse.dstore.core
plugin@org.eclipse.dstore.extra=v20060427,:pserver:anonymous@dev.eclipse.org:/cvsroot/dsdp,,org.eclipse.tm.rse/plugins/org.eclipse.dstore.extra
plugin@org.eclipse.rse.connectorservice.dstore=v20060427,:pserver:anonymous@dev.eclipse.org:/cvsroot/dsdp,,org.eclipse.tm.rse/plugins/org.eclipse.rse.connectorservice.dstore
plugin@org.eclipse.rse.connectorservice.local=v20060427,:pserver:anonymous@dev.eclipse.org:/cvsroot/dsdp,,org.eclipse.tm.rse/plugins/org.eclipse.rse.connectorservice.local
plugin@org.eclipse.rse.core=v20060427,:pserver:anonymous@dev.eclipse.org:/cvsroot/dsdp,,org.eclipse.tm.rse/plugins/org.eclipse.rse.core
plugin@org.eclipse.rse.dstore.security=v20060427,:pserver:anonymous@dev.eclipse.org:/cvsroot/dsdp,,org.eclipse.tm.rse/plugins/org.eclipse.rse.dstore.security
plugin@org.eclipse.rse.files.ui=v20060427,:pserver:anonymous@dev.eclipse.org:/cvsroot/dsdp,,org.eclipse.tm.rse/plugins/org.eclipse.rse.files.ui
plugin@org.eclipse.rse.logging=v20060427,:pserver:anonymous@dev.eclipse.org:/cvsroot/dsdp,,org.eclipse.tm.rse/plugins/org.eclipse.rse.logging
plugin@org.eclipse.rse.processes.ui=v20060427,:pserver:anonymous@dev.eclipse.org:/cvsroot/dsdp,,org.eclipse.tm.rse/plugins/org.eclipse.rse.processes.ui
plugin@org.eclipse.rse.services.dstore=v20060427,:pserver:anonymous@dev.eclipse.org:/cvsroot/dsdp,,org.eclipse.tm.rse/plugins/org.eclipse.rse.services.dstore
plugin@org.eclipse.rse.services.files.ftp=v20060427,:pserver:anonymous@dev.eclipse.org:/cvsroot/dsdp,,org.eclipse.tm.rse/plugins/org.eclipse.rse.services.files.ftp
plugin@org.eclipse.rse.services.local=v20060427,:pserver:anonymous@dev.eclipse.org:/cvsroot/dsdp,,org.eclipse.tm.rse/plugins/org.eclipse.rse.services.local
plugin@org.eclipse.rse.services=v20060427,:pserver:anonymous@dev.eclipse.org:/cvsroot/dsdp,,org.eclipse.tm.rse/plugins/org.eclipse.rse.services
plugin@org.eclipse.rse.shells.ui=v20060427,:pserver:anonymous@dev.eclipse.org:/cvsroot/dsdp,,org.eclipse.tm.rse/plugins/org.eclipse.rse.shells.ui
plugin@org.eclipse.rse.subsystems.files.core=v20060427,:pserver:anonymous@dev.eclipse.org:/cvsroot/dsdp,,org.eclipse.tm.rse/plugins/org.eclipse.rse.subsystems.files.core
plugin@org.eclipse.rse.subsystems.files.dstore=v20060427,:pserver:anonymous@dev.eclipse.org:/cvsroot/dsdp,,org.eclipse.tm.rse/plugins/org.eclipse.rse.subsystems.files.dstore
plugin@org.eclipse.rse.subsystems.files.ftp=v20060427,:pserver:anonymous@dev.eclipse.org:/cvsroot/dsdp,,org.eclipse.tm.rse/plugins/org.eclipse.rse.subsystems.files.ftp
plugin@org.eclipse.rse.subsystems.files.local=v20060427,:pserver:anonymous@dev.eclipse.org:/cvsroot/dsdp,,org.eclipse.tm.rse/plugins/org.eclipse.rse.subsystems.files.local
plugin@org.eclipse.rse.subsystems.processes.core=v20060427,:pserver:anonymous@dev.eclipse.org:/cvsroot/dsdp,,org.eclipse.tm.rse/plugins/org.eclipse.rse.subsystems.processes.core
plugin@org.eclipse.rse.subsystems.processes.dstore=v20060427,:pserver:anonymous@dev.eclipse.org:/cvsroot/dsdp,,org.eclipse.tm.rse/plugins/org.eclipse.rse.subsystems.processes.dstore
plugin@org.eclipse.rse.subsystems.processes.local=v20060427,:pserver:anonymous@dev.eclipse.org:/cvsroot/dsdp,,org.eclipse.tm.rse/plugins/org.eclipse.rse.subsystems.processes.local
plugin@org.eclipse.rse.subsystems.shells.core=v20060427,:pserver:anonymous@dev.eclipse.org:/cvsroot/dsdp,,org.eclipse.tm.rse/plugins/org.eclipse.rse.subsystems.shells.core
plugin@org.eclipse.rse.subsystems.shells.dstore=v20060427,:pserver:anonymous@dev.eclipse.org:/cvsroot/dsdp,,org.eclipse.tm.rse/plugins/org.eclipse.rse.subsystems.shells.dstore
plugin@org.eclipse.rse.subsystems.shells.local=v20060427,:pserver:anonymous@dev.eclipse.org:/cvsroot/dsdp,,org.eclipse.tm.rse/plugins/org.eclipse.rse.subsystems.shells.local
plugin@org.eclipse.rse.ui=v20060427,:pserver:anonymous@dev.eclipse.org:/cvsroot/dsdp,,org.eclipse.tm.rse/plugins/org.eclipse.rse.ui
