feature@org.eclipse.rse.core=HEAD,:pserver:anonymous@dev.eclipse.org:/cvsroot/dsdp,,org.eclipse.tm.rse/features/org.eclipse.rse.core-feature
feature@org.eclipse.rse.local=HEAD,:pserver:anonymous@dev.eclipse.org:/cvsroot/dsdp,,org.eclipse.tm.rse/features/org.eclipse.rse.local-feature
feature@org.eclipse.rse.dstore=HEAD,:pserver:anonymous@dev.eclipse.org:/cvsroot/dsdp,,org.eclipse.tm.rse/features/org.eclipse.rse.dstore-feature
feature@org.eclipse.rse.ftp=HEAD,:pserver:anonymous@dev.eclipse.org:/cvsroot/dsdp,,org.eclipse.tm.rse/features/org.eclipse.rse.ftp-feature

plugin@org.eclipse.rse.services=HEAD,:pserver:anonymous@dev.eclipse.org:/cvsroot/dsdp,,org.eclipse.tm.rse/plugins/org.eclipse.rse.services
plugin@org.eclipse.rse.core=HEAD,:pserver:anonymous@dev.eclipse.org:/cvsroot/dsdp,,org.eclipse.tm.rse/plugins/org.eclipse.rse.core
plugin@org.eclipse.rse.logging=HEAD,:pserver:anonymous@dev.eclipse.org:/cvsroot/dsdp,,org.eclipse.tm.rse/plugins/org.eclipse.rse.logging
plugin@org.eclipse.rse.subsystems.files.core=HEAD,:pserver:anonymous@dev.eclipse.org:/cvsroot/dsdp,,org.eclipse.tm.rse/plugins/org.eclipse.rse.subsystems.files.core
plugin@org.eclipse.rse.subsystems.shells.core=HEAD,:pserver:anonymous@dev.eclipse.org:/cvsroot/dsdp,,org.eclipse.tm.rse/plugins/org.eclipse.rse.subsystems.shells.core
plugin@org.eclipse.rse.subsystems.processes.core=HEAD,:pserver:anonymous@dev.eclipse.org:/cvsroot/dsdp,,org.eclipse.tm.rse/plugins/org.eclipse.rse.subsystems.processes.core
plugin@org.eclipse.rse.ui=HEAD,:pserver:anonymous@dev.eclipse.org:/cvsroot/dsdp,,org.eclipse.tm.rse/plugins/org.eclipse.rse.ui
plugin@org.eclipse.rse.files.ui=HEAD,:pserver:anonymous@dev.eclipse.org:/cvsroot/dsdp,,org.eclipse.tm.rse/plugins/org.eclipse.rse.files.ui
plugin@org.eclipse.rse.shells.ui=HEAD,:pserver:anonymous@dev.eclipse.org:/cvsroot/dsdp,,org.eclipse.tm.rse/plugins/org.eclipse.rse.shells.ui
plugin@org.eclipse.rse.processes.ui=HEAD,:pserver:anonymous@dev.eclipse.org:/cvsroot/dsdp,,org.eclipse.tm.rse/plugins/org.eclipse.rse.processes.ui
plugin@org.eclipse.dstore.core=HEAD,:pserver:anonymous@dev.eclipse.org:/cvsroot/dsdp,,org.eclipse.tm.rse/plugins/org.eclipse.dstore.core
plugin@org.eclipse.dstore.extra=HEAD,:pserver:anonymous@dev.eclipse.org:/cvsroot/dsdp,,org.eclipse.tm.rse/plugins/org.eclipse.dstore.extra
plugin@org.eclipse.rse.dstore.security=HEAD,:pserver:anonymous@dev.eclipse.org:/cvsroot/dsdp,,org.eclipse.tm.rse/plugins/org.eclipse.rse.dstore.security
plugin@org.eclipse.rse.services.local=HEAD,:pserver:anonymous@dev.eclipse.org:/cvsroot/dsdp,,org.eclipse.tm.rse/plugins/org.eclipse.rse.services.local
plugin@org.eclipse.rse.services.dstore=HEAD,:pserver:anonymous@dev.eclipse.org:/cvsroot/dsdp,,org.eclipse.tm.rse/plugins/org.eclipse.rse.services.dstore
plugin@org.eclipse.rse.services.files.ftp=HEAD,:pserver:anonymous@dev.eclipse.org:/cvsroot/dsdp,,org.eclipse.tm.rse/plugins/org.eclipse.rse.services.files.ftp
plugin@org.eclipse.rse.connectorservice.local=HEAD,:pserver:anonymous@dev.eclipse.org:/cvsroot/dsdp,,org.eclipse.tm.rse/plugins/org.eclipse.rse.connectorservice.local
plugin@org.eclipse.rse.connectorservice.dstore=HEAD,:pserver:anonymous@dev.eclipse.org:/cvsroot/dsdp,,org.eclipse.tm.rse/plugins/org.eclipse.rse.connectorservice.dstore
plugin@org.eclipse.rse.subsystems.files.local=HEAD,:pserver:anonymous@dev.eclipse.org:/cvsroot/dsdp,,org.eclipse.tm.rse/plugins/org.eclipse.rse.subsystems.files.local
plugin@org.eclipse.rse.subsystems.shells.local=HEAD,:pserver:anonymous@dev.eclipse.org:/cvsroot/dsdp,,org.eclipse.tm.rse/plugins/org.eclipse.rse.subsystems.shells.local
plugin@org.eclipse.rse.subsystems.processes.local=HEAD,:pserver:anonymous@dev.eclipse.org:/cvsroot/dsdp,,org.eclipse.tm.rse/plugins/org.eclipse.rse.subsystems.processes.local
plugin@org.eclipse.rse.subsystems.files.dstore=HEAD,:pserver:anonymous@dev.eclipse.org:/cvsroot/dsdp,,org.eclipse.tm.rse/plugins/org.eclipse.rse.subsystems.files.dstore
plugin@org.eclipse.rse.subsystems.shells.dstore=HEAD,:pserver:anonymous@dev.eclipse.org:/cvsroot/dsdp,,org.eclipse.tm.rse/plugins/org.eclipse.rse.subsystems.shells.dstore
plugin@org.eclipse.rse.subsystems.processes.dstore=HEAD,:pserver:anonymous@dev.eclipse.org:/cvsroot/dsdp,,org.eclipse.tm.rse/plugins/org.eclipse.rse.subsystems.processes.dstore
plugin@org.eclipse.rse.subsystems.files.ftp=HEAD,:pserver:anonymous@dev.eclipse.org:/cvsroot/dsdp,,org.eclipse.tm.rse/plugins/org.eclipse.rse.subsystems.files.ftp
