feature@org.eclipse.rse.core=@tag@,:pserver:anonymous:none@dev.eclipse.org:/cvsroot/dsdp,,org.eclipse.tm.rse/features/org.eclipse.rse.core-feature
feature@org.eclipse.rse.dstore=@tag@,:pserver:anonymous:none@dev.eclipse.org:/cvsroot/dsdp,,org.eclipse.tm.rse/features/org.eclipse.rse.dstore-feature
feature@org.eclipse.rse.ftp=@tag@,:pserver:anonymous:none@dev.eclipse.org:/cvsroot/dsdp,,org.eclipse.tm.rse/features/org.eclipse.rse.ftp-feature
feature@org.eclipse.rse.local=@tag@,:pserver:anonymous:none@dev.eclipse.org:/cvsroot/dsdp,,org.eclipse.tm.rse/features/org.eclipse.rse.local-feature
feature@org.eclipse.rse.sdk=@tag@,:pserver:anonymous:none@dev.eclipse.org:/cvsroot/dsdp,,org.eclipse.tm.rse/features/org.eclipse.rse.sdk-feature
feature@org.eclipse.rse.ssh=@tag@,:pserver:anonymous:none@dev.eclipse.org:/cvsroot/dsdp,,org.eclipse.tm.rse/features/org.eclipse.rse.ssh-feature
plugin@org.eclipse.dstore.core=@tag@,:pserver:anonymous:none@dev.eclipse.org:/cvsroot/dsdp,,org.eclipse.tm.rse/plugins/org.eclipse.dstore.core
plugin@org.eclipse.dstore.extra=@tag@,:pserver:anonymous:none@dev.eclipse.org:/cvsroot/dsdp,,org.eclipse.tm.rse/plugins/org.eclipse.dstore.extra
plugin@org.eclipse.rse.connectorservice.dstore=@tag@,:pserver:anonymous:none@dev.eclipse.org:/cvsroot/dsdp,,org.eclipse.tm.rse/plugins/org.eclipse.rse.connectorservice.dstore
plugin@org.eclipse.rse.connectorservice.local=@tag@,:pserver:anonymous:none@dev.eclipse.org:/cvsroot/dsdp,,org.eclipse.tm.rse/plugins/org.eclipse.rse.connectorservice.local
plugin@org.eclipse.rse.connectorservice.ssh=@tag@,:pserver:anonymous:none@dev.eclipse.org:/cvsroot/dsdp,,org.eclipse.tm.rse/plugins/org.eclipse.rse.connectorservice.ssh
plugin@org.eclipse.rse.core=@tag@,:pserver:anonymous:none@dev.eclipse.org:/cvsroot/dsdp,,org.eclipse.tm.rse/plugins/org.eclipse.rse.core
plugin@org.eclipse.rse.dstore.security=@tag@,:pserver:anonymous:none@dev.eclipse.org:/cvsroot/dsdp,,org.eclipse.tm.rse/plugins/org.eclipse.rse.dstore.security
plugin@org.eclipse.rse.files.ui=@tag@,:pserver:anonymous:none@dev.eclipse.org:/cvsroot/dsdp,,org.eclipse.tm.rse/plugins/org.eclipse.rse.files.ui
plugin@org.eclipse.rse.logging=@tag@,:pserver:anonymous:none@dev.eclipse.org:/cvsroot/dsdp,,org.eclipse.tm.rse/plugins/org.eclipse.rse.logging
plugin@org.eclipse.rse.processes.ui=@tag@,:pserver:anonymous:none@dev.eclipse.org:/cvsroot/dsdp,,org.eclipse.tm.rse/plugins/org.eclipse.rse.processes.ui
plugin@org.eclipse.rse.sdk=@tag@,:pserver:anonymous:none@dev.eclipse.org:/cvsroot/dsdp,,org.eclipse.tm.rse/plugins/org.eclipse.rse.sdk
plugin@org.eclipse.rse.services.dstore=@tag@,:pserver:anonymous:none@dev.eclipse.org:/cvsroot/dsdp,,org.eclipse.tm.rse/plugins/org.eclipse.rse.services.dstore
plugin@org.eclipse.rse.services.files.ftp=@tag@,:pserver:anonymous:none@dev.eclipse.org:/cvsroot/dsdp,,org.eclipse.tm.rse/plugins/org.eclipse.rse.services.files.ftp
plugin@org.eclipse.rse.services.local=@tag@,:pserver:anonymous:none@dev.eclipse.org:/cvsroot/dsdp,,org.eclipse.tm.rse/plugins/org.eclipse.rse.services.local
plugin@org.eclipse.rse.services.ssh=@tag@,:pserver:anonymous:none@dev.eclipse.org:/cvsroot/dsdp,,org.eclipse.tm.rse/plugins/org.eclipse.rse.services.ssh
plugin@org.eclipse.rse.services=@tag@,:pserver:anonymous:none@dev.eclipse.org:/cvsroot/dsdp,,org.eclipse.tm.rse/plugins/org.eclipse.rse.services
plugin@org.eclipse.rse.shells.ui=@tag@,:pserver:anonymous:none@dev.eclipse.org:/cvsroot/dsdp,,org.eclipse.tm.rse/plugins/org.eclipse.rse.shells.ui
plugin@org.eclipse.rse.subsystems.files.core=@tag@,:pserver:anonymous:none@dev.eclipse.org:/cvsroot/dsdp,,org.eclipse.tm.rse/plugins/org.eclipse.rse.subsystems.files.core
plugin@org.eclipse.rse.subsystems.files.dstore=@tag@,:pserver:anonymous:none@dev.eclipse.org:/cvsroot/dsdp,,org.eclipse.tm.rse/plugins/org.eclipse.rse.subsystems.files.dstore
plugin@org.eclipse.rse.subsystems.files.ftp=@tag@,:pserver:anonymous:none@dev.eclipse.org:/cvsroot/dsdp,,org.eclipse.tm.rse/plugins/org.eclipse.rse.subsystems.files.ftp
plugin@org.eclipse.rse.subsystems.files.local=@tag@,:pserver:anonymous:none@dev.eclipse.org:/cvsroot/dsdp,,org.eclipse.tm.rse/plugins/org.eclipse.rse.subsystems.files.local
plugin@org.eclipse.rse.subsystems.files.ssh=@tag@,:pserver:anonymous:none@dev.eclipse.org:/cvsroot/dsdp,,org.eclipse.tm.rse/plugins/org.eclipse.rse.subsystems.files.ssh
plugin@org.eclipse.rse.subsystems.processes.core=@tag@,:pserver:anonymous:none@dev.eclipse.org:/cvsroot/dsdp,,org.eclipse.tm.rse/plugins/org.eclipse.rse.subsystems.processes.core
plugin@org.eclipse.rse.subsystems.processes.dstore=@tag@,:pserver:anonymous:none@dev.eclipse.org:/cvsroot/dsdp,,org.eclipse.tm.rse/plugins/org.eclipse.rse.subsystems.processes.dstore
plugin@org.eclipse.rse.subsystems.processes.local=@tag@,:pserver:anonymous:none@dev.eclipse.org:/cvsroot/dsdp,,org.eclipse.tm.rse/plugins/org.eclipse.rse.subsystems.processes.local
plugin@org.eclipse.rse.subsystems.shells.core=@tag@,:pserver:anonymous:none@dev.eclipse.org:/cvsroot/dsdp,,org.eclipse.tm.rse/plugins/org.eclipse.rse.subsystems.shells.core
plugin@org.eclipse.rse.subsystems.shells.dstore=@tag@,:pserver:anonymous:none@dev.eclipse.org:/cvsroot/dsdp,,org.eclipse.tm.rse/plugins/org.eclipse.rse.subsystems.shells.dstore
plugin@org.eclipse.rse.subsystems.shells.local=@tag@,:pserver:anonymous:none@dev.eclipse.org:/cvsroot/dsdp,,org.eclipse.tm.rse/plugins/org.eclipse.rse.subsystems.shells.local
plugin@org.eclipse.rse.subsystems.shells.ssh=@tag@,:pserver:anonymous:none@dev.eclipse.org:/cvsroot/dsdp,,org.eclipse.tm.rse/plugins/org.eclipse.rse.subsystems.shells.ssh
plugin@org.eclipse.rse.ui=@tag@,:pserver:anonymous:none@dev.eclipse.org:/cvsroot/dsdp,,org.eclipse.tm.rse/plugins/org.eclipse.rse.ui
