feature@org.eclipse.tm.discovery=v20071031,:pserver:anonymous:none@dev.eclipse.org:/cvsroot/dsdp,,org.eclipse.tm.core/discovery/org.eclipse.tm.discovery-feature
plugin@org.eclipse.rse.discovery=v20071031,:pserver:anonymous:none@dev.eclipse.org:/cvsroot/dsdp,,org.eclipse.tm.core/discovery/org.eclipse.rse.discovery
plugin@org.eclipse.tm.discovery.doc.isv=v20071031,:pserver:anonymous:none@dev.eclipse.org:/cvsroot/dsdp,,org.eclipse.tm.core/discovery/org.eclipse.tm.discovery.doc.isv
plugin@org.eclipse.tm.discovery.engine=v20070605,:pserver:anonymous:none@dev.eclipse.org:/cvsroot/dsdp,,org.eclipse.tm.core/discovery/org.eclipse.tm.discovery.engine
plugin@org.eclipse.tm.discovery.model=v20070530,:pserver:anonymous:none@dev.eclipse.org:/cvsroot/dsdp,,org.eclipse.tm.core/discovery/org.eclipse.tm.discovery.model
plugin@org.eclipse.tm.discovery.model.edit=v20070605,:pserver:anonymous:none@dev.eclipse.org:/cvsroot/dsdp,,org.eclipse.tm.core/discovery/org.eclipse.tm.discovery.model.edit
plugin@org.eclipse.tm.discovery.protocol.dnssd=v20070613,:pserver:anonymous:none@dev.eclipse.org:/cvsroot/dsdp,,org.eclipse.tm.core/discovery/org.eclipse.tm.discovery.protocol.dnssd
plugin@org.eclipse.tm.discovery.transport.udp=v20070605,:pserver:anonymous:none@dev.eclipse.org:/cvsroot/dsdp,,org.eclipse.tm.core/discovery/org.eclipse.tm.discovery.transport.udp
plugin@org.eclipse.tm.discovery.view=v20070605,:pserver:anonymous:none@dev.eclipse.org:/cvsroot/dsdp,,org.eclipse.tm.core/discovery/org.eclipse.tm.discovery.view
plugin@org.eclipse.tm.discovery.wizard=v20070613,:pserver:anonymous:none@dev.eclipse.org:/cvsroot/dsdp,,org.eclipse.tm.core/discovery/org.eclipse.tm.discovery.wizard