feature@org.eclipse.tm.terminal=v201101032315,:pserver:anonymous:none@dev.eclipse.org:/cvsroot/tools,,org.eclipse.tm.core/terminal/org.eclipse.tm.terminal-feature
feature@org.eclipse.tm.terminal.local=v201101032315,:pserver:anonymous:none@dev.eclipse.org:/cvsroot/tools,,org.eclipse.tm.core/terminal/org.eclipse.tm.terminal.local-feature
feature@org.eclipse.tm.terminal.local.sdk=v201101032315,:pserver:anonymous:none@dev.eclipse.org:/cvsroot/tools,,org.eclipse.tm.core/terminal/org.eclipse.tm.terminal.local.sdk-feature
feature@org.eclipse.tm.terminal.sdk=v201101032315,:pserver:anonymous:none@dev.eclipse.org:/cvsroot/tools,,org.eclipse.tm.core/terminal/org.eclipse.tm.terminal.sdk-feature
feature@org.eclipse.tm.terminal.serial=v201101032315,:pserver:anonymous:none@dev.eclipse.org:/cvsroot/tools,,org.eclipse.tm.core/terminal/org.eclipse.tm.terminal.serial-feature
feature@org.eclipse.tm.terminal.ssh=v201101032315,:pserver:anonymous:none@dev.eclipse.org:/cvsroot/tools,,org.eclipse.tm.core/terminal/org.eclipse.tm.terminal.ssh-feature
feature@org.eclipse.tm.terminal.telnet=v201101032315,:pserver:anonymous:none@dev.eclipse.org:/cvsroot/tools,,org.eclipse.tm.core/terminal/org.eclipse.tm.terminal.telnet-feature
feature@org.eclipse.tm.terminal.test=v201101032315,:pserver:anonymous:none@dev.eclipse.org:/cvsroot/tools,,org.eclipse.tm.core/terminal/org.eclipse.tm.terminal.test-feature
feature@org.eclipse.tm.terminal.view=v201101032315,:pserver:anonymous:none@dev.eclipse.org:/cvsroot/tools,,org.eclipse.tm.core/terminal/org.eclipse.tm.terminal.view-feature
plugin@org.eclipse.tm.terminal=v201101032315,:pserver:anonymous:none@dev.eclipse.org:/cvsroot/tools,,org.eclipse.tm.core/terminal/org.eclipse.tm.terminal
plugin@org.eclipse.tm.terminal.local=v201101032315,:pserver:anonymous:none@dev.eclipse.org:/cvsroot/tools,,org.eclipse.tm.core/terminal/org.eclipse.tm.terminal.local
plugin@org.eclipse.tm.terminal.serial=v201101032315,:pserver:anonymous:none@dev.eclipse.org:/cvsroot/tools,,org.eclipse.tm.core/terminal/org.eclipse.tm.terminal.serial
plugin@org.eclipse.tm.terminal.ssh=v201101032315,:pserver:anonymous:none@dev.eclipse.org:/cvsroot/tools,,org.eclipse.tm.core/terminal/org.eclipse.tm.terminal.ssh
plugin@org.eclipse.tm.terminal.telnet=v201101032315,:pserver:anonymous:none@dev.eclipse.org:/cvsroot/tools,,org.eclipse.tm.core/terminal/org.eclipse.tm.terminal.telnet
plugin@org.eclipse.tm.terminal.test=v201101032315,:pserver:anonymous:none@dev.eclipse.org:/cvsroot/tools,,org.eclipse.tm.core/terminal/org.eclipse.tm.terminal.test
plugin@org.eclipse.tm.terminal.view=v201101032315,:pserver:anonymous:none@dev.eclipse.org:/cvsroot/tools,,org.eclipse.tm.core/terminal/org.eclipse.tm.terminal.view