feature@org.eclipse.rse.core=HEAD,:extssh:mikeman@cvs.cs.opensource.ibm.com:/cvsroot/rse,,org.eclipse.rse.core.feature
feature@org.eclipse.rse.local=HEAD,:extssh:mikeman@cvs.cs.opensource.ibm.com:/cvsroot/rse,,org.eclipse.rse.local.feature
feature@org.eclipse.rse.dstore=HEAD,:extssh:mikeman@cvs.cs.opensource.ibm.com:/cvsroot/rse,,org.eclipse.rse.dstore.feature
feature@org.eclipse.rse.dstore.services=HEAD,:extssh:mikeman@cvs.cs.opensource.ibm.com:/cvsroot/rse,,org.eclipse.rse.dstore.services.feature
feature@org.eclipse.rse.ftp=HEAD,:extssh:mikeman@cvs.cs.opensource.ibm.com:/cvsroot/rse,,org.eclipse.rse.ftp.feature
feature@org.eclipse.rse.telnet=HEAD,:extssh:mikeman@cvs.cs.opensource.ibm.com:/cvsroot/rse,,org.eclipse.rse.telnet.feature
feature@org.eclipse.rse.doc.isv=HEAD,:extssh:mikeman@cvs.cs.opensource.ibm.com:/cvsroot/rse,,org.eclipse.rse.doc.isv.feature
feature@org.eclipse.rse.sdk=HEAD,:extssh:mikeman@cvs.cs.opensource.ibm.com:/cvsroot/rse,,org.eclipse.rse.sdk.feature


plugin@org.eclipse.rse.services=HEAD,:extssh:mikeman@cvs.cs.opensource.ibm.com:/cvsroot/rse
plugin@org.eclipse.rse.core=HEAD,:extssh:mikeman@cvs.cs.opensource.ibm.com:/cvsroot/rse
plugin@org.eclipse.rse.logging=HEAD,:extssh:mikeman@cvs.cs.opensource.ibm.com:/cvsroot/rse
plugin@org.eclipse.rse.subsystems.files.core=HEAD,:extssh:mikeman@cvs.cs.opensource.ibm.com:/cvsroot/rse
plugin@org.eclipse.rse.subsystems.shells.core=HEAD,:extssh:mikeman@cvs.cs.opensource.ibm.com:/cvsroot/rse
plugin@org.eclipse.rse.subsystems.processes.core=HEAD,:extssh:mikeman@cvs.cs.opensource.ibm.com:/cvsroot/rse
plugin@org.eclipse.rse.ui=HEAD,:extssh:mikeman@cvs.cs.opensource.ibm.com:/cvsroot/rse
plugin@org.eclipse.rse.files.ui=HEAD,:extssh:mikeman@cvs.cs.opensource.ibm.com:/cvsroot/rse
plugin@org.eclipse.rse.shells.ui=HEAD,:extssh:mikeman@cvs.cs.opensource.ibm.com:/cvsroot/rse
plugin@org.eclipse.rse.processes.ui=HEAD,:extssh:mikeman@cvs.cs.opensource.ibm.com:/cvsroot/rse
plugin@org.eclipse.dstore.core=HEAD,:extssh:mikeman@cvs.cs.opensource.ibm.com:/cvsroot/rse
plugin@org.eclipse.dstore.extra=HEAD,:extssh:mikeman@cvs.cs.opensource.ibm.com:/cvsroot/rse
plugin@org.eclipse.rse.dstore.security=HEAD,:extssh:mikeman@cvs.cs.opensource.ibm.com:/cvsroot/rse
plugin@org.eclipse.rse.services.local=HEAD,:extssh:mikeman@cvs.cs.opensource.ibm.com:/cvsroot/rse
plugin@org.eclipse.rse.services.dstore=HEAD,:extssh:mikeman@cvs.cs.opensource.ibm.com:/cvsroot/rse
plugin@org.eclipse.rse.services.files.ftp=HEAD,:extssh:mikeman@cvs.cs.opensource.ibm.com:/cvsroot/rse
plugin@org.eclipse.rse.services.shells.telnet=HEAD,:extssh:mikeman@cvs.cs.opensource.ibm.com:/cvsroot/rse
plugin@org.eclipse.rse.connectorservice.local=HEAD,:extssh:mikeman@cvs.cs.opensource.ibm.com:/cvsroot/rse
plugin@org.eclipse.rse.connectorservice.dstore=HEAD,:extssh:mikeman@cvs.cs.opensource.ibm.com:/cvsroot/rse
plugin@org.eclipse.rse.subsystems.files.local=HEAD,:extssh:mikeman@cvs.cs.opensource.ibm.com:/cvsroot/rse
plugin@org.eclipse.rse.subsystems.shells.local=HEAD,:extssh:mikeman@cvs.cs.opensource.ibm.com:/cvsroot/rse
plugin@org.eclipse.rse.subsystems.processes.local=HEAD,:extssh:mikeman@cvs.cs.opensource.ibm.com:/cvsroot/rse
plugin@org.eclipse.rse.subsystems.files.dstore=HEAD,:extssh:mikeman@cvs.cs.opensource.ibm.com:/cvsroot/rse
plugin@org.eclipse.rse.subsystems.shells.dstore=HEAD,:extssh:mikeman@cvs.cs.opensource.ibm.com:/cvsroot/rse
plugin@org.eclipse.rse.subsystems.processes.dstore=HEAD,:extssh:mikeman@cvs.cs.opensource.ibm.com:/cvsroot/rse
plugin@org.eclipse.rse.subsystems.files.ftp=HEAD,:extssh:mikeman@cvs.cs.opensource.ibm.com:/cvsroot/rse
plugin@org.eclipse.rse.subsystems.shells.telnet=HEAD,:extssh:mikeman@cvs.cs.opensource.ibm.com:/cvsroot/rse
plugin@org.eclipse.rse.doc.isv=HEAD,:extssh:mikeman@cvs.cs.opensource.ibm.com:/cvsroot/rse
plugin@org.eclipse.dstore.doc.isv=HEAD,:extssh:mikeman@cvs.cs.opensource.ibm.com:/cvsroot/rse
