feature@org.eclipse.tm.discovery=v200902082200,:pserver:anonymous:none@dev.eclipse.org:/cvsroot/dsdp,,org.eclipse.tm.core/discovery/org.eclipse.tm.discovery-feature
plugin@org.eclipse.rse.discovery=v20080402,:pserver:anonymous:none@dev.eclipse.org:/cvsroot/dsdp,,org.eclipse.tm.core/discovery/org.eclipse.rse.discovery
plugin@org.eclipse.tm.discovery.doc.isv=v20080406,:pserver:anonymous:none@dev.eclipse.org:/cvsroot/dsdp,,org.eclipse.tm.core/discovery/org.eclipse.tm.discovery.doc.isv
plugin@org.eclipse.tm.discovery.engine=v20080331,:pserver:anonymous:none@dev.eclipse.org:/cvsroot/dsdp,,org.eclipse.tm.core/discovery/org.eclipse.tm.discovery.engine
plugin@org.eclipse.tm.discovery.model=v20080331,:pserver:anonymous:none@dev.eclipse.org:/cvsroot/dsdp,,org.eclipse.tm.core/discovery/org.eclipse.tm.discovery.model
plugin@org.eclipse.tm.discovery.model.edit=v20080522,:pserver:anonymous:none@dev.eclipse.org:/cvsroot/dsdp,,org.eclipse.tm.core/discovery/org.eclipse.tm.discovery.model.edit
plugin@org.eclipse.tm.discovery.protocol.dnssd=v20080331,:pserver:anonymous:none@dev.eclipse.org:/cvsroot/dsdp,,org.eclipse.tm.core/discovery/org.eclipse.tm.discovery.protocol.dnssd
plugin@org.eclipse.tm.discovery.transport.udp=v20080331,:pserver:anonymous:none@dev.eclipse.org:/cvsroot/dsdp,,org.eclipse.tm.core/discovery/org.eclipse.tm.discovery.transport.udp
plugin@org.eclipse.tm.discovery.view=v20080522,:pserver:anonymous:none@dev.eclipse.org:/cvsroot/dsdp,,org.eclipse.tm.core/discovery/org.eclipse.tm.discovery.view
plugin@org.eclipse.tm.discovery.wizard=v20080529,:pserver:anonymous:none@dev.eclipse.org:/cvsroot/dsdp,,org.eclipse.tm.core/discovery/org.eclipse.tm.discovery.wizard