feature@org.eclipse.tm.discovery=v201004072040,:pserver:anonymous:none@dev.eclipse.org:/cvsroot/dsdp,,org.eclipse.tm.core/discovery/org.eclipse.tm.discovery-feature
plugin@org.eclipse.rse.discovery=v200905272300,:pserver:anonymous:none@dev.eclipse.org:/cvsroot/dsdp,,org.eclipse.tm.core/discovery/org.eclipse.rse.discovery
plugin@org.eclipse.tm.discovery.doc.isv=v200905272300,:pserver:anonymous:none@dev.eclipse.org:/cvsroot/dsdp,,org.eclipse.tm.core/discovery/org.eclipse.tm.discovery.doc.isv
plugin@org.eclipse.tm.discovery.engine=v200905272300,:pserver:anonymous:none@dev.eclipse.org:/cvsroot/dsdp,,org.eclipse.tm.core/discovery/org.eclipse.tm.discovery.engine
plugin@org.eclipse.tm.discovery.model=v200905272300,:pserver:anonymous:none@dev.eclipse.org:/cvsroot/dsdp,,org.eclipse.tm.core/discovery/org.eclipse.tm.discovery.model
plugin@org.eclipse.tm.discovery.model.edit=v200905272300,:pserver:anonymous:none@dev.eclipse.org:/cvsroot/dsdp,,org.eclipse.tm.core/discovery/org.eclipse.tm.discovery.model.edit
plugin@org.eclipse.tm.discovery.protocol.dnssd=v200905272300,:pserver:anonymous:none@dev.eclipse.org:/cvsroot/dsdp,,org.eclipse.tm.core/discovery/org.eclipse.tm.discovery.protocol.dnssd
plugin@org.eclipse.tm.discovery.transport.udp=v200905272300,:pserver:anonymous:none@dev.eclipse.org:/cvsroot/dsdp,,org.eclipse.tm.core/discovery/org.eclipse.tm.discovery.transport.udp
plugin@org.eclipse.tm.discovery.view=v200905272300,:pserver:anonymous:none@dev.eclipse.org:/cvsroot/dsdp,,org.eclipse.tm.core/discovery/org.eclipse.tm.discovery.view
plugin@org.eclipse.tm.discovery.wizard=v200905272300,:pserver:anonymous:none@dev.eclipse.org:/cvsroot/dsdp,,org.eclipse.tm.core/discovery/org.eclipse.tm.discovery.wizard