!***************  PROJECT CONTRIBUTION  ******************************************************** 
!*** Project's plugins, features and fragments
feature@org.eclipse.rse=v201005032000,:pserver:anonymous:none@dev.eclipse.org:/cvsroot/dsdp,,org.eclipse.tm.rse/features/org.eclipse.rse-feature
feature@org.eclipse.rse.core=v201005032000,:pserver:anonymous:none@dev.eclipse.org:/cvsroot/dsdp,,org.eclipse.tm.rse/features/org.eclipse.rse.core-feature
feature@org.eclipse.rse.dstore=v201005032000,:pserver:anonymous:none@dev.eclipse.org:/cvsroot/dsdp,,org.eclipse.tm.rse/features/org.eclipse.rse.dstore-feature
feature@org.eclipse.rse.examples=v201005032000,:pserver:anonymous:none@dev.eclipse.org:/cvsroot/dsdp,,org.eclipse.tm.rse/examples/org.eclipse.rse.examples-feature
feature@org.eclipse.rse.ftp=v201005032000,:pserver:anonymous:none@dev.eclipse.org:/cvsroot/dsdp,,org.eclipse.tm.rse/features/org.eclipse.rse.ftp-feature
feature@org.eclipse.rse.local=v201005032000,:pserver:anonymous:none@dev.eclipse.org:/cvsroot/dsdp,,org.eclipse.tm.rse/features/org.eclipse.rse.local-feature
feature@org.eclipse.rse.sdk=v201005032000,:pserver:anonymous:none@dev.eclipse.org:/cvsroot/dsdp,,org.eclipse.tm.rse/features/org.eclipse.rse.sdk-feature
feature@org.eclipse.rse.ssh=v201005032000,:pserver:anonymous:none@dev.eclipse.org:/cvsroot/dsdp,,org.eclipse.tm.rse/features/org.eclipse.rse.ssh-feature
feature@org.eclipse.rse.telnet=v201005032000,:pserver:anonymous:none@dev.eclipse.org:/cvsroot/dsdp,,org.eclipse.tm.rse/features/org.eclipse.rse.telnet-feature
feature@org.eclipse.rse.terminals=v201005221100,:pserver:anonymous:none@dev.eclipse.org:/cvsroot/dsdp,,org.eclipse.tm.rse/features/org.eclipse.rse.terminals-feature
feature@org.eclipse.rse.tests=v201005032000,:pserver:anonymous:none@dev.eclipse.org:/cvsroot/dsdp,,org.eclipse.tm.rse/tests/org.eclipse.rse.tests-feature
feature@org.eclipse.rse.useractions=v201005032000,:pserver:anonymous:none@dev.eclipse.org:/cvsroot/dsdp,,org.eclipse.tm.rse/features/org.eclipse.rse.useractions-feature
!!feature@org.eclipse.rse.useractions.wrapper=v20080609a,:pserver:anonymous:none@dev.eclipse.org:/cvsroot/dsdp,,org.eclipse.tm.rse/features/org.eclipse.rse.useractions.wrapper-feature
!!feature@org.eclipse.tm.releng.master=v20080609,:pserver:anonymous:none@dev.eclipse.org:/cvsroot/dsdp,,org.eclipse.tm.rse/releng/org.eclipse.tm.releng.master-feature
plugin@org.eclipse.dstore.core=v201005221100,:pserver:anonymous:none@dev.eclipse.org:/cvsroot/dsdp,,org.eclipse.tm.rse/plugins/org.eclipse.dstore.core
plugin@org.eclipse.dstore.doc.isv=v201005032000,:pserver:anonymous:none@dev.eclipse.org:/cvsroot/dsdp,,org.eclipse.tm.rse/doc/org.eclipse.dstore.doc.isv
plugin@org.eclipse.dstore.extra=v200907301400,:pserver:anonymous:none@dev.eclipse.org:/cvsroot/dsdp,,org.eclipse.tm.rse/plugins/org.eclipse.dstore.extra
plugin@org.eclipse.rse=v201003151933,:pserver:anonymous:none@dev.eclipse.org:/cvsroot/dsdp,,org.eclipse.tm.rse/plugins/org.eclipse.rse
plugin@org.eclipse.rse.connectorservice.dstore=v201005221100,:pserver:anonymous:none@dev.eclipse.org:/cvsroot/dsdp,,org.eclipse.tm.rse/plugins/org.eclipse.rse.connectorservice.dstore
plugin@org.eclipse.rse.connectorservice.local=v200905272300,:pserver:anonymous:none@dev.eclipse.org:/cvsroot/dsdp,,org.eclipse.tm.rse/plugins/org.eclipse.rse.connectorservice.local
plugin@org.eclipse.rse.connectorservice.ssh=v200905272300,:pserver:anonymous:none@dev.eclipse.org:/cvsroot/dsdp,,org.eclipse.tm.rse/plugins/org.eclipse.rse.connectorservice.ssh
plugin@org.eclipse.rse.connectorservice.telnet=v200908051630,:pserver:anonymous:none@dev.eclipse.org:/cvsroot/dsdp,,org.eclipse.tm.rse/plugins/org.eclipse.rse.connectorservice.telnet
plugin@org.eclipse.rse.core=v201003151933,:pserver:anonymous:none@dev.eclipse.org:/cvsroot/dsdp,,org.eclipse.tm.rse/plugins/org.eclipse.rse.core
plugin@org.eclipse.rse.doc.isv=v201005032000,:pserver:anonymous:none@dev.eclipse.org:/cvsroot/dsdp,,org.eclipse.tm.rse/doc/org.eclipse.rse.doc.isv
plugin@org.eclipse.rse.doc.user=v200905272300,:pserver:anonymous:none@dev.eclipse.org:/cvsroot/dsdp,,org.eclipse.tm.rse/doc/org.eclipse.rse.doc.user
plugin@org.eclipse.rse.dstore.security=v201003010830,:pserver:anonymous:none@dev.eclipse.org:/cvsroot/dsdp,,org.eclipse.tm.rse/plugins/org.eclipse.rse.dstore.security
plugin@org.eclipse.rse.efs=v201003010830,:pserver:anonymous:none@dev.eclipse.org:/cvsroot/dsdp,,org.eclipse.tm.rse/plugins/org.eclipse.rse.efs
plugin@org.eclipse.rse.efs.ui=v201003010830,:pserver:anonymous:none@dev.eclipse.org:/cvsroot/dsdp,,org.eclipse.tm.rse/plugins/org.eclipse.rse.efs.ui
plugin@org.eclipse.rse.examples.daytime=v200905272300,:pserver:anonymous:none@dev.eclipse.org:/cvsroot/dsdp,,org.eclipse.tm.rse/examples/org.eclipse.rse.examples.daytime
plugin@org.eclipse.rse.examples.tutorial=v200905272300,:pserver:anonymous:none@dev.eclipse.org:/cvsroot/dsdp,,org.eclipse.tm.rse/examples/org.eclipse.rse.examples.tutorial
plugin@org.eclipse.rse.files.ui=v201005221100,:pserver:anonymous:none@dev.eclipse.org:/cvsroot/dsdp,,org.eclipse.tm.rse/plugins/org.eclipse.rse.files.ui
plugin@org.eclipse.rse.importexport=v201003010830,:pserver:anonymous:none@dev.eclipse.org:/cvsroot/dsdp,,org.eclipse.tm.rse/plugins/org.eclipse.rse.importexport
plugin@org.eclipse.rse.processes.ui=v201003010830,:pserver:anonymous:none@dev.eclipse.org:/cvsroot/dsdp,,org.eclipse.tm.rse/plugins/org.eclipse.rse.processes.ui
plugin@org.eclipse.rse.sdk=v201003151933,:pserver:anonymous:none@dev.eclipse.org:/cvsroot/dsdp,,org.eclipse.tm.rse/plugins/org.eclipse.rse.sdk
plugin@org.eclipse.rse.services.dstore=v201005200200,:pserver:anonymous:none@dev.eclipse.org:/cvsroot/dsdp,,org.eclipse.tm.rse/plugins/org.eclipse.rse.services.dstore
plugin@org.eclipse.rse.services.files.ftp=v201004072040,:pserver:anonymous:none@dev.eclipse.org:/cvsroot/dsdp,,org.eclipse.tm.rse/plugins/org.eclipse.rse.services.files.ftp
plugin@org.eclipse.rse.services.local=v201003010830,:pserver:anonymous:none@dev.eclipse.org:/cvsroot/dsdp,,org.eclipse.tm.rse/plugins/org.eclipse.rse.services.local
plugin@org.eclipse.rse.services.ssh=v200909160005,:pserver:anonymous:none@dev.eclipse.org:/cvsroot/dsdp,,org.eclipse.tm.rse/plugins/org.eclipse.rse.services.ssh
plugin@org.eclipse.rse.services.telnet=v200905272300,:pserver:anonymous:none@dev.eclipse.org:/cvsroot/dsdp,,org.eclipse.tm.rse/plugins/org.eclipse.rse.services.telnet
plugin@org.eclipse.rse.services=v201005221100,:pserver:anonymous:none@dev.eclipse.org:/cvsroot/dsdp,,org.eclipse.tm.rse/plugins/org.eclipse.rse.services
plugin@org.eclipse.rse.shells.ui=v201005221100,:pserver:anonymous:none@dev.eclipse.org:/cvsroot/dsdp,,org.eclipse.tm.rse/plugins/org.eclipse.rse.shells.ui
plugin@org.eclipse.rse.subsystems.files.core=v201005221100,:pserver:anonymous:none@dev.eclipse.org:/cvsroot/dsdp,,org.eclipse.tm.rse/plugins/org.eclipse.rse.subsystems.files.core
plugin@org.eclipse.rse.subsystems.files.dstore=v200905272300,:pserver:anonymous:none@dev.eclipse.org:/cvsroot/dsdp,,org.eclipse.tm.rse/plugins/org.eclipse.rse.subsystems.files.dstore
plugin@org.eclipse.rse.subsystems.files.ftp=v200905272300,:pserver:anonymous:none@dev.eclipse.org:/cvsroot/dsdp,,org.eclipse.tm.rse/plugins/org.eclipse.rse.subsystems.files.ftp
plugin@org.eclipse.rse.subsystems.files.local=v200907301400,:pserver:anonymous:none@dev.eclipse.org:/cvsroot/dsdp,,org.eclipse.tm.rse/plugins/org.eclipse.rse.subsystems.files.local
plugin@org.eclipse.rse.subsystems.files.ssh=v200905272300,:pserver:anonymous:none@dev.eclipse.org:/cvsroot/dsdp,,org.eclipse.tm.rse/plugins/org.eclipse.rse.subsystems.files.ssh
plugin@org.eclipse.rse.subsystems.processes.core=v201003010830,:pserver:anonymous:none@dev.eclipse.org:/cvsroot/dsdp,,org.eclipse.tm.rse/plugins/org.eclipse.rse.subsystems.processes.core
plugin@org.eclipse.rse.subsystems.processes.dstore=v200905272300,:pserver:anonymous:none@dev.eclipse.org:/cvsroot/dsdp,,org.eclipse.tm.rse/plugins/org.eclipse.rse.subsystems.processes.dstore
plugin@org.eclipse.rse.subsystems.processes.local=v200905272300,:pserver:anonymous:none@dev.eclipse.org:/cvsroot/dsdp,,org.eclipse.tm.rse/plugins/org.eclipse.rse.subsystems.processes.local
plugin@org.eclipse.rse.subsystems.processes.shell.linux=v200905272300,:pserver:anonymous:none@dev.eclipse.org:/cvsroot/dsdp,,org.eclipse.tm.rse/plugins/org.eclipse.rse.subsystems.processes.shell.linux
plugin@org.eclipse.rse.subsystems.shells.core=v201003010830,:pserver:anonymous:none@dev.eclipse.org:/cvsroot/dsdp,,org.eclipse.tm.rse/plugins/org.eclipse.rse.subsystems.shells.core
plugin@org.eclipse.rse.subsystems.shells.dstore=v201005200200,:pserver:anonymous:none@dev.eclipse.org:/cvsroot/dsdp,,org.eclipse.tm.rse/plugins/org.eclipse.rse.subsystems.shells.dstore
plugin@org.eclipse.rse.subsystems.shells.local=v200905272300,:pserver:anonymous:none@dev.eclipse.org:/cvsroot/dsdp,,org.eclipse.tm.rse/plugins/org.eclipse.rse.subsystems.shells.local
plugin@org.eclipse.rse.subsystems.shells.ssh=v200905272300,:pserver:anonymous:none@dev.eclipse.org:/cvsroot/dsdp,,org.eclipse.tm.rse/plugins/org.eclipse.rse.subsystems.shells.ssh
plugin@org.eclipse.rse.subsystems.shells.telnet=v200905272300,:pserver:anonymous:none@dev.eclipse.org:/cvsroot/dsdp,,org.eclipse.tm.rse/plugins/org.eclipse.rse.subsystems.shells.telnet
plugin@org.eclipse.rse.subsystems.terminals.core=v200908051630,:pserver:anonymous:none@dev.eclipse.org:/cvsroot/dsdp,,org.eclipse.tm.rse/plugins/org.eclipse.rse.subsystems.terminals.core
plugin@org.eclipse.rse.subsystems.terminals.ssh=v200908051630,:pserver:anonymous:none@dev.eclipse.org:/cvsroot/dsdp,,org.eclipse.tm.rse/plugins/org.eclipse.rse.subsystems.terminals.ssh
plugin@org.eclipse.rse.terminals.ui=v201005221100,:pserver:anonymous:none@dev.eclipse.org:/cvsroot/dsdp,,org.eclipse.tm.rse/plugins/org.eclipse.rse.terminals.ui
plugin@org.eclipse.rse.tests=v201005221100,:pserver:anonymous:none@dev.eclipse.org:/cvsroot/dsdp,,org.eclipse.tm.rse/tests/org.eclipse.rse.tests
plugin@org.eclipse.rse.tests.framework=v200905272300,:pserver:anonymous:none@dev.eclipse.org:/cvsroot/dsdp,,org.eclipse.tm.rse/tests/org.eclipse.rse.tests.framework
plugin@org.eclipse.rse.ui=v201005221100,:pserver:anonymous:none@dev.eclipse.org:/cvsroot/dsdp,,org.eclipse.tm.rse/plugins/org.eclipse.rse.ui
plugin@org.eclipse.rse.useractions=v200905272300,:pserver:anonymous:none@dev.eclipse.org:/cvsroot/dsdp,,org.eclipse.tm.rse/plugins/org.eclipse.rse.useractions