feature@org.eclipse.tm.terminal=v201005220050,:pserver:anonymous:none@dev.eclipse.org:/cvsroot/dsdp,,org.eclipse.tm.core/terminal/org.eclipse.tm.terminal-feature
feature@org.eclipse.tm.terminal.local=v201006041240,:pserver:anonymous:none@dev.eclipse.org:/cvsroot/dsdp,,org.eclipse.tm.core/terminal/org.eclipse.tm.terminal.local-feature
feature@org.eclipse.tm.terminal.local.sdk=v201006030730,:pserver:anonymous:none@dev.eclipse.org:/cvsroot/dsdp,,org.eclipse.tm.core/terminal/org.eclipse.tm.terminal.local.sdk-feature
feature@org.eclipse.tm.terminal.sdk=v201006030830,:pserver:anonymous:none@dev.eclipse.org:/cvsroot/dsdp,,org.eclipse.tm.core/terminal/org.eclipse.tm.terminal.sdk-feature
feature@org.eclipse.tm.terminal.serial=v201005032000,:pserver:anonymous:none@dev.eclipse.org:/cvsroot/dsdp,,org.eclipse.tm.core/terminal/org.eclipse.tm.terminal.serial-feature
feature@org.eclipse.tm.terminal.ssh=v201005271030,:pserver:anonymous:none@dev.eclipse.org:/cvsroot/dsdp,,org.eclipse.tm.core/terminal/org.eclipse.tm.terminal.ssh-feature
feature@org.eclipse.tm.terminal.telnet=v201005032000,:pserver:anonymous:none@dev.eclipse.org:/cvsroot/dsdp,,org.eclipse.tm.core/terminal/org.eclipse.tm.terminal.telnet-feature
feature@org.eclipse.tm.terminal.test=v200905272300,:pserver:anonymous:none@dev.eclipse.org:/cvsroot/dsdp,,org.eclipse.tm.core/terminal/org.eclipse.tm.terminal.test-feature
feature@org.eclipse.tm.terminal.view=v201006030830,:pserver:anonymous:none@dev.eclipse.org:/cvsroot/dsdp,,org.eclipse.tm.core/terminal/org.eclipse.tm.terminal.view-feature
plugin@org.eclipse.tm.terminal=v201006030830,:pserver:anonymous:none@dev.eclipse.org:/cvsroot/dsdp,,org.eclipse.tm.core/terminal/org.eclipse.tm.terminal
plugin@org.eclipse.tm.terminal.local=v201006041240,:pserver:anonymous:none@dev.eclipse.org:/cvsroot/dsdp,,org.eclipse.tm.core/terminal/org.eclipse.tm.terminal.local
plugin@org.eclipse.tm.terminal.serial=v200905272300,:pserver:anonymous:none@dev.eclipse.org:/cvsroot/dsdp,,org.eclipse.tm.core/terminal/org.eclipse.tm.terminal.serial
plugin@org.eclipse.tm.terminal.ssh=v201005271030,:pserver:anonymous:none@dev.eclipse.org:/cvsroot/dsdp,,org.eclipse.tm.core/terminal/org.eclipse.tm.terminal.ssh
plugin@org.eclipse.tm.terminal.telnet=v200909160005,:pserver:anonymous:none@dev.eclipse.org:/cvsroot/dsdp,,org.eclipse.tm.core/terminal/org.eclipse.tm.terminal.telnet
plugin@org.eclipse.tm.terminal.test=v201005220050,:pserver:anonymous:none@dev.eclipse.org:/cvsroot/dsdp,,org.eclipse.tm.core/terminal/org.eclipse.tm.terminal.test
plugin@org.eclipse.tm.terminal.view=v201006041240,:pserver:anonymous:none@dev.eclipse.org:/cvsroot/dsdp,,org.eclipse.tm.core/terminal/org.eclipse.tm.terminal.view