feature@org.eclipse.tm.terminal=v200905141013,:pserver:anonymous:none@dev.eclipse.org:/cvsroot/dsdp,,org.eclipse.tm.core/terminal/org.eclipse.tm.terminal-feature
feature@org.eclipse.tm.terminal.sdk=v200905141013,:pserver:anonymous:none@dev.eclipse.org:/cvsroot/dsdp,,org.eclipse.tm.core/terminal/org.eclipse.tm.terminal.sdk-feature
feature@org.eclipse.tm.terminal.serial=v200905141013,:pserver:anonymous:none@dev.eclipse.org:/cvsroot/dsdp,,org.eclipse.tm.core/terminal/org.eclipse.tm.terminal.serial-feature
feature@org.eclipse.tm.terminal.ssh=v200905141013,:pserver:anonymous:none@dev.eclipse.org:/cvsroot/dsdp,,org.eclipse.tm.core/terminal/org.eclipse.tm.terminal.ssh-feature
feature@org.eclipse.tm.terminal.telnet=v200902011800,:pserver:anonymous:none@dev.eclipse.org:/cvsroot/dsdp,,org.eclipse.tm.core/terminal/org.eclipse.tm.terminal.telnet-feature
feature@org.eclipse.tm.terminal.test=v200902082200,:pserver:anonymous:none@dev.eclipse.org:/cvsroot/dsdp,,org.eclipse.tm.core/terminal/org.eclipse.tm.terminal.test-feature
feature@org.eclipse.tm.terminal.view=v200905141013,:pserver:anonymous:none@dev.eclipse.org:/cvsroot/dsdp,,org.eclipse.tm.core/terminal/org.eclipse.tm.terminal.view-feature
plugin@org.eclipse.tm.terminal=v200905141013,:pserver:anonymous:none@dev.eclipse.org:/cvsroot/dsdp,,org.eclipse.tm.core/terminal/org.eclipse.tm.terminal
plugin@org.eclipse.tm.terminal.serial=v200905141013,:pserver:anonymous:none@dev.eclipse.org:/cvsroot/dsdp,,org.eclipse.tm.core/terminal/org.eclipse.tm.terminal.serial
plugin@org.eclipse.tm.terminal.ssh=v200905141013,:pserver:anonymous:none@dev.eclipse.org:/cvsroot/dsdp,,org.eclipse.tm.core/terminal/org.eclipse.tm.terminal.ssh
plugin@org.eclipse.tm.terminal.telnet=v200905141013,:pserver:anonymous:none@dev.eclipse.org:/cvsroot/dsdp,,org.eclipse.tm.core/terminal/org.eclipse.tm.terminal.telnet
plugin@org.eclipse.tm.terminal.test=v200905141013,:pserver:anonymous:none@dev.eclipse.org:/cvsroot/dsdp,,org.eclipse.tm.core/terminal/org.eclipse.tm.terminal.test
plugin@org.eclipse.tm.terminal.view=v200905141013,:pserver:anonymous:none@dev.eclipse.org:/cvsroot/dsdp,,org.eclipse.tm.core/terminal/org.eclipse.tm.terminal.view