! The master
feature@org.eclipse.cdt.master=@cdtTag@,/cvsroot/tools,,org.eclipse.cdt/releng/org.eclipse.cdt.master

! Cross platform
plugin@org.eclipse.cdt.core=@cdtTag@,/cvsroot/tools,,org.eclipse.cdt/all/org.eclipse.cdt.core
plugin@org.eclipse.cdt.ui=@cdtTag@,/cvsroot/tools,,org.eclipse.cdt/all/org.eclipse.cdt.ui

plugin@org.eclipse.cdt.make.core=@cdtTag@,/cvsroot/tools,,org.eclipse.cdt/all/org.eclipse.cdt.make.core
plugin@org.eclipse.cdt.make.ui=@cdtTag@,/cvsroot/tools,,org.eclipse.cdt/all/org.eclipse.cdt.make.ui

plugin@org.eclipse.cdt.managedbuilder.core=@cdtTag@,/cvsroot/tools,,org.eclipse.cdt/all/org.eclipse.cdt.managedbuilder.core
plugin@org.eclipse.cdt.managedbuilder.ui=@cdtTag@,/cvsroot/tools,,org.eclipse.cdt/all/org.eclipse.cdt.managedbuilder.ui
plugin@org.eclipse.cdt.managedbuilder.gnu.ui=@cdtTag@,/cvsroot/tools,,org.eclipse.cdt/all/org.eclipse.cdt.managedbuilder.gnu.ui

plugin@org.eclipse.cdt.debug.core=@cdtTag@,/cvsroot/tools,,org.eclipse.cdt/all/org.eclipse.cdt.debug.core
plugin@org.eclipse.cdt.debug.ui=@cdtTag@,/cvsroot/tools,,org.eclipse.cdt/all/org.eclipse.cdt.debug.ui

plugin@org.eclipse.cdt.debug.mi.core=@cdtTag@,/cvsroot/tools,,org.eclipse.cdt/all/org.eclipse.cdt.debug.mi.core
plugin@org.eclipse.cdt.debug.mi.ui=@cdtTag@,/cvsroot/tools,,org.eclipse.cdt/all/org.eclipse.cdt.debug.mi.ui

plugin@org.eclipse.cdt.launch=@cdtTag@,/cvsroot/tools,,org.eclipse.cdt/all/org.eclipse.cdt.launch

plugin@org.eclipse.cdt.doc.user=@cdtTag@,/cvsroot/tools,,org.eclipse.cdt/all/org.eclipse.cdt.doc.user
plugin@org.eclipse.cdt.doc.isv=@cdtTag@,/cvsroot/tools,,org.eclipse.cdt/all/org.eclipse.cdt.doc.isv

plugin@org.eclipse.cdt=@cdtTag@,/cvsroot/tools,,org.eclipse.cdt/all/org.eclipse.cdt


! CDT Features
feature@org.eclipse.cdt.platform=@cdtTag@,/cvsroot/tools,,org.eclipse.cdt/all/org.eclipse.cdt.platform-feature
feature@org.eclipse.cdt.gnu.build=@cdtTag@,/cvsroot/tools,,org.eclipse.cdt/all/org.eclipse.cdt.gnu.build-feature
feature@org.eclipse.cdt.gnu.debug=@cdtTag@,/cvsroot/tools,,org.eclipse.cdt/all/org.eclipse.cdt.gnu.debug-feature
feature@org.eclipse.cdt=@cdtTag@,/cvsroot/tools,,org.eclipse.cdt/all/org.eclipse.cdt-feature


! GDB feature
feature@org.eclipse.cdt.gdb=@cdtTag@,/cvsroot/tools,,org.eclipse.cdt/all/org.eclipse.cdt.gdb-feature
plugin@org.eclipse.cdt.gdb=@cdtTag@,/cvsroot/tools,,org.eclipse.cdt/all/org.eclipse.cdt.gdb
plugin@org.eclipse.cdt.gdb.ui=@cdtTag@,/cvsroot/tools,,org.eclipse.cdt/all/org.eclipse.cdt.gdb.ui


! Platform specific
fragment@org.eclipse.cdt.core.aix=@cdtTag@,/cvsroot/tools,,org.eclipse.cdt/all/org.eclipse.cdt.core.aix
fragment@org.eclipse.cdt.core.linux=@cdtTag@,/cvsroot/tools,,org.eclipse.cdt/all/org.eclipse.cdt.core.linux
fragment@org.eclipse.cdt.core.linux.ia64=@cdtTag@,/cvsroot/tools,,org.eclipse.cdt/all/org.eclipse.cdt.core.linux.ia64
fragment@org.eclipse.cdt.core.linux.ppc=@cdtTag@,/cvsroot/tools,,org.eclipse.cdt/all/org.eclipse.cdt.core.linux.ppc
fragment@org.eclipse.cdt.core.linux.x86=@cdtTag@,/cvsroot/tools,,org.eclipse.cdt/all/org.eclipse.cdt.core.linux.x86
fragment@org.eclipse.cdt.core.linux.x86_64=@cdtTag@,/cvsroot/tools,,org.eclipse.cdt/all/org.eclipse.cdt.core.linux.x86_64
fragment@org.eclipse.cdt.core.macosx=@cdtTag@,/cvsroot/tools,,org.eclipse.cdt/all/org.eclipse.cdt.core.macosx
fragment@org.eclipse.cdt.core.qnx=@cdtTag@,/cvsroot/tools,,org.eclipse.cdt/all/org.eclipse.cdt.core.qnx
fragment@org.eclipse.cdt.core.solaris=@cdtTag@,/cvsroot/tools,,org.eclipse.cdt/all/org.eclipse.cdt.core.solaris
fragment@org.eclipse.cdt.core.win32=@cdtTag@,/cvsroot/tools,,org.eclipse.cdt/all/org.eclipse.cdt.core.win32

! Testing feature
plugin@org.eclipse.cdt.core.tests=@cdtTag@,/cvsroot/tools,,org.eclipse.cdt/all/org.eclipse.cdt.core.tests
plugin@org.eclipse.cdt.ui.tests=@cdtTag@,/cvsroot/tools,,org.eclipse.cdt/all/org.eclipse.cdt.ui.tests
plugin@org.eclipse.cdt.debug.ui.tests=@cdtTag@,/cvsroot/tools,,org.eclipse.cdt/all/org.eclipse.cdt.debug.ui.tests
plugin@org.eclipse.cdt.managedbuilder.core.tests=@cdtTag@,/cvsroot/tools,,org.eclipse.cdt/all/org.eclipse.cdt.managedbuilder.core.tests
plugin@org.eclipse.cdt.managedbuilder.ui.tests=@cdtTag@,/cvsroot/tools,,org.eclipse.cdt/all/org.eclipse.cdt.managedbuilder.ui.tests
plugin@org.eclipse.cdt.testing=@cdtTag@,/cvsroot/tools,,org.eclipse.cdt/all/org.eclipse.cdt.testing
plugin@org.eclipse.test=HEAD,/cvsroot/eclipse,
fragment@org.eclipse.ant.optional.junit=HEAD,/cvsroot/eclipse,
feature@org.eclipse.cdt.testing=@cdtTag@,/cvsroot/tools,,org.eclipse.cdt/all/org.eclipse.cdt.testing-feature

! SDK Feature
plugin@org.eclipse.cdt.sdk=@cdtTag@,/cvsroot/tools,,org.eclipse.cdt/all/org.eclipse.cdt.sdk
feature@org.eclipse.cdt.sdk=@cdtTag@,/cvsroot/tools,,org.eclipse.cdt/all/org.eclipse.cdt.sdk-feature

! Windows Feature
plugin@org.eclipse.cdt.windows.build=@cdtTag@,/cvsroot/tools,,org.eclipse.cdt/windows/org.eclipse.cdt.windows.build
plugin@org.eclipse.cdt.windows=@cdtTag@,/cvsroot/tools,,org.eclipse.cdt/windows/org.eclipse.cdt.windows
feature@org.eclipse.cdt.windows=@cdtTag@,/cvsroot/tools,,org.eclipse.cdt/windows/org.eclipse.cdt.windows-feature

! GDB Hardware Debugging Feature
plugin@org.eclipse.cdt.debug.gdbjtag=@cdtTag@,/cvsroot/tools,,org.eclipse.cdt/jtag/org.eclipse.cdt.debug.gdbjtag
plugin@org.eclipse.cdt.debug.gdbjtag.core=@cdtTag@,/cvsroot/tools,,org.eclipse.cdt/jtag/org.eclipse.cdt.debug.gdbjtag.core
plugin@org.eclipse.cdt.debug.gdbjtag.ui=@cdtTag@,/cvsroot/tools,,org.eclipse.cdt/jtag/org.eclipse.cdt.debug.gdbjtag.ui
feature@org.eclipse.cdt.debug.gdbjtag=@cdtTag@,/cvsroot/tools,,org.eclipse.cdt/jtag/org.eclipse.cdt.debug.gdbjtag-feature

! XL compiler integration
plugin@org.eclipse.cdt.errorparsers.xlc=@cdtTag@,/cvsroot/tools,,org.eclipse.cdt/xlc/org.eclipse.cdt.errorparsers.xlc
plugin@org.eclipse.cdt.make.xlc.core=@cdtTag@,/cvsroot/tools,,org.eclipse.cdt/xlc/org.eclipse.cdt.make.xlc.core
plugin@org.eclipse.cdt.managedbuilder.xlc.core=@cdtTag@,/cvsroot/tools,,org.eclipse.cdt/xlc/org.eclipse.cdt.managedbuilder.xlc.core
plugin@org.eclipse.cdt.managedbuilder.xlc.ui=@cdtTag@,/cvsroot/tools,,org.eclipse.cdt/xlc/org.eclipse.cdt.managedbuilder.xlc.ui
feature@org.eclipse.cdt.xlc.feature=@cdtTag@,/cvsroot/tools,,org.eclipse.cdt/xlc/org.eclipse.cdt.xlc.feature
feature@org.eclipse.cdt.xlc.sdk=@cdtTag@,/cvsroot/tools,,org.eclipse.cdt/xlc/org.eclipse.cdt.xlc.sdk-feature
plugin@org.eclipse.cdt.core.lrparser.xlc=@cdtTag@,/cvsroot/tools,,org.eclipse.cdt/xlc/org.eclipse.cdt.core.lrparser.xlc
plugin@org.eclipse.cdt.core.lrparser.xlc.tests=@cdtTag@,/cvsroot/tools,,org.eclipse.cdt/xlc/org.eclipse.cdt.core.lrparser.xlc.tests
plugin@org.eclipse.cdt.managedbuilder.xlupc.ui=@cdtTag@,/cvsroot/tools,,org.eclipse.cdt/xlc/org.eclipse.cdt.managedbuilder.xlupc.ui

! LR parser
plugin@org.eclipse.cdt.core.lrparser=@cdtTag@,/cvsroot/tools,,org.eclipse.cdt/lrparser/org.eclipse.cdt.core.lrparser
plugin@org.eclipse.cdt.core.lrparser.tests=@cdtTag@,/cvsroot/tools,,org.eclipse.cdt/lrparser/org.eclipse.cdt.core.lrparser.tests
! newly signed LPG runtime
plugin@net.sourceforge.lpg.lpgjavaruntime,1.1.0=GET,http://download.eclipse.org/tools/orbit/downloads/drops/R20090825191606/bundles/net.sourceforge.lpg.lpgjavaruntime_1.1.0.v200803061910.jar
feature@org.eclipse.cdt.core.lrparser.feature=@cdtTag@,/cvsroot/tools,,org.eclipse.cdt/lrparser/org.eclipse.cdt.core.lrparser.feature
feature@org.eclipse.cdt.core.lrparser.sdk=@cdtTag@,/cvsroot/tools,,org.eclipse.cdt/lrparser/org.eclipse.cdt.core.lrparser.sdk.feature

! UPC parser - also uses LPG but since we already download it above no need to download again
plugin@org.eclipse.cdt.core.parser.upc=@cdtTag@,/cvsroot/tools,,org.eclipse.cdt/upc/org.eclipse.cdt.core.parser.upc
plugin@org.eclipse.cdt.core.parser.upc.tests=@cdtTag@,/cvsroot/tools,,org.eclipse.cdt/upc/org.eclipse.cdt.core.parser.upc.tests
feature@org.eclipse.cdt.core.parser.upc.feature=@cdtTag@,/cvsroot/tools,,org.eclipse.cdt/upc/org.eclipse.cdt.core.parser.upc.feature
feature@org.eclipse.cdt.core.parser.upc.sdk=@cdtTag@,/cvsroot/tools,,org.eclipse.cdt/upc/org.eclipse.cdt.core.parser.upc.sdk.feature

! CDT Utilities
plugin@org.eclipse.cdt.util=@cdtTag@,/cvsroot/tools,,org.eclipse.cdt/util/org.eclipse.cdt.util
feature@org.eclipse.cdt.util=@cdtTag@,/cvsroot/tools,,org.eclipse.cdt/util/org.eclipse.cdt.util-feature

! DSF 
plugin@org.eclipse.cdt.dsf=@cdtTag@,/cvsroot/tools,,org.eclipse.cdt/dsf/org.eclipse.cdt.dsf
plugin@org.eclipse.cdt.dsf.ui=@cdtTag@,/cvsroot/tools,,org.eclipse.cdt/dsf/org.eclipse.cdt.dsf.ui
plugin@org.eclipse.cdt.examples.dsf=@cdtTag@,/cvsroot/tools,,org.eclipse.cdt/dsf/org.eclipse.cdt.examples.dsf
plugin@org.eclipse.cdt.examples.dsf.pda=@cdtTag@,/cvsroot/tools,,org.eclipse.cdt/dsf/org.eclipse.cdt.examples.dsf.pda
plugin@org.eclipse.cdt.examples.dsf.pda.ui=@cdtTag@,/cvsroot/tools,,org.eclipse.cdt/dsf/org.eclipse.cdt.examples.dsf.pda.ui
plugin@org.eclipse.cdt.tests.dsf=@cdtTag@,/cvsroot/tools,,org.eclipse.cdt/dsf/org.eclipse.cdt.tests.dsf
feature@org.eclipse.cdt.examples.dsf=@cdtTag@,/cvsroot/tools,,org.eclipse.cdt/dsf/org.eclipse.cdt.examples.dsf-feature

! DSF-GDB Integration
plugin@org.eclipse.cdt.dsf.gdb=@cdtTag@,/cvsroot/tools,,org.eclipse.cdt/dsf-gdb/org.eclipse.cdt.dsf.gdb
plugin@org.eclipse.cdt.dsf.gdb.ui=@cdtTag@,/cvsroot/tools,,org.eclipse.cdt/dsf-gdb/org.eclipse.cdt.dsf.gdb.ui
plugin@org.eclipse.cdt.tests.dsf.gdb=@cdtTag@,/cvsroot/tools,,org.eclipse.cdt/dsf-gdb/org.eclipse.cdt.tests.dsf.gdb
feature@org.eclipse.cdt.gnu.dsf=@cdtTag@,/cvsroot/tools,,org.eclipse.cdt/dsf-gdb/org.eclipse.cdt.gnu.dsf-feature

! CDT Memory
plugin@org.eclipse.cdt.debug.ui.memory.traditional=@cdtTag@,/cvsroot/tools,,org.eclipse.cdt/memory/org.eclipse.cdt.debug.ui.memory.traditional
plugin@org.eclipse.cdt.debug.ui.memory.transport=@cdtTag@,/cvsroot/tools,,org.eclipse.cdt/memory/org.eclipse.cdt.debug.ui.memory.transport
plugin@org.eclipse.cdt.debug.ui.memory.search=@cdtTag@,/cvsroot/tools,,org.eclipse.cdt/memory/org.eclipse.cdt.debug.ui.memory.search
plugin@org.eclipse.cdt.debug.ui.memory.memorybrowser=@cdtTag@,/cvsroot/tools,,org.eclipse.cdt/memory/org.eclipse.cdt.debug.ui.memory.memorybrowser
feature@org.eclipse.cdt.debug.ui.memory=@cdtTag@,/cvsroot/tools,,org.eclipse.cdt/memory/org.eclipse.cdt.debug.ui.memory-feature

! CDT RSE Remote Launch
plugin@org.eclipse.cdt.launch.remote=@cdtTag@,/cvsroot/tools,,org.eclipse.cdt/cross/org.eclipse.cdt.launch.remote
feature@org.eclipse.cdt.launch.remote=@cdtTag@,/cvsroot/tools,,org.eclipse.cdt/cross/org.eclipse.cdt.launch.remote-feature

! CDT Cross GCC 
plugin@org.eclipse.cdt.build.crossgcc=@cdtTag@,/cvsroot/tools,,org.eclipse.cdt/cross/org.eclipse.cdt.build.crossgcc
feature@org.eclipse.cdt.build.crossgcc=@cdtTag@,/cvsroot/tools,,org.eclipse.cdt/cross/org.eclipse.cdt.build.crossgcc-feature

! CDT P2 Additions
plugin@org.eclipse.cdt.p2=@cdtTag@,/cvsroot/tools,,org.eclipse.cdt/p2/org.eclipse.cdt.p2
feature@org.eclipse.cdt.p2=@cdtTag@,/cvsroot/tools,,org.eclipse.cdt/p2/org.eclipse.cdt.p2-feature

! EDC
plugin@org.eclipse.cdt.debug.edc=@cdtTag@,/cvsroot/tools,,org.eclipse.cdt/edc/org.eclipse.cdt.debug.edc
plugin@org.eclipse.cdt.debug.edc.linux.x86=@cdtTag@,/cvsroot/tools,,org.eclipse.cdt/edc/org.eclipse.cdt.debug.edc.linux.x86
plugin@org.eclipse.cdt.debug.edc.x86=@cdtTag@,/cvsroot/tools,,org.eclipse.cdt/edc/org.eclipse.cdt.debug.edc.x86
plugin@org.eclipse.cdt.debug.edc.tcf.extension=@cdtTag@,/cvsroot/tools,,org.eclipse.cdt/edc/org.eclipse.cdt.debug.edc.tcf.extension
plugin@org.eclipse.cdt.debug.edc.ui=@cdtTag@,/cvsroot/tools,,org.eclipse.cdt/edc/org.eclipse.cdt.debug.edc.ui
plugin@org.eclipse.cdt.debug.edc.windows=@cdtTag@,/cvsroot/tools,,org.eclipse.cdt/edc/org.eclipse.cdt.debug.edc.windows
plugin@org.eclipse.cdt.debug.edc.windows.ui=@cdtTag@,/cvsroot/tools,,org.eclipse.cdt/edc/org.eclipse.cdt.debug.edc.windows.ui
plugin@org.eclipse.cdt.debug.edc.doc.user=@cdtTag@,/cvsroot/tools,,org.eclipse.cdt/edc/org.eclipse.cdt.debug.edc.doc.user
plugin@org.eclipse.cdt.scripting=@cdtTag@,/cvsroot/tools,,org.eclipse.cdt/edc/org.eclipse.cdt.scripting
feature@org.eclipse.cdt.debug.edc=@cdtTag@,/cvsroot/tools,,org.eclipse.cdt/edc/org.eclipse.cdt.debug.edc-feature

! TCF Requirements for EDC
!plugin@org.eclipse.tm.tcf=SVN,url=svn://dev.eclipse.org/svnroot/dsdp/org.eclipse.tm.tcf,tag=trunk,path=plugins/org.eclipse.tm.tcf
!plugin@org.eclipse.tm.tcf.cdt.ui=SVN,url=svn://dev.eclipse.org/svnroot/dsdp/org.eclipse.tm.tcf,tag=trunk,path=plugins/org.eclipse.tm.tcf.cdt.ui
!plugin@org.eclipse.tm.tcf.core=SVN,url=svn://dev.eclipse.org/svnroot/dsdp/org.eclipse.tm.tcf,tag=trunk,path=plugins/org.eclipse.tm.tcf.core
!plugin@org.eclipse.tm.tcf.debug=SVN,url=svn://dev.eclipse.org/svnroot/dsdp/org.eclipse.tm.tcf,tag=trunk,path=plugins/org.eclipse.tm.tcf.debug
!plugin@org.eclipse.tm.tcf.debug.ui=SVN,url=svn://dev.eclipse.org/svnroot/dsdp/org.eclipse.tm.tcf,tag=trunk,path=plugins/org.eclipse.tm.tcf.debug.ui
!plugin@org.eclipse.tm.tcf.rse=SVN,url=svn://dev.eclipse.org/svnroot/dsdp/org.eclipse.tm.tcf,tag=trunk,path=plugins/org.eclipse.tm.tcf.rse
!feature@org.eclipse.tm.tcf.feature=SVN,url=svn://dev.eclipse.org/svnroot/dsdp/org.eclipse.tm.tcf,tag=trunk,path=features/org.eclipse.tm.tcf.feature

! 0.3.0 tag
plugin@org.eclipse.tm.tcf=SVN,url=svn://dev.eclipse.org/svnroot/dsdp/org.eclipse.tm.tcf,tag=tags,path=0.3.0/plugins/org.eclipse.tm.tcf
plugin@org.eclipse.tm.tcf.cdt.ui=SVN,url=svn://dev.eclipse.org/svnroot/dsdp/org.eclipse.tm.tcf,tag=tags,path=0.3.0/plugins/org.eclipse.tm.tcf.cdt.ui
plugin@org.eclipse.tm.tcf.core=SVN,url=svn://dev.eclipse.org/svnroot/dsdp/org.eclipse.tm.tcf,tag=tags,path=0.3.0/plugins/org.eclipse.tm.tcf.core
plugin@org.eclipse.tm.tcf.debug=SVN,url=svn://dev.eclipse.org/svnroot/dsdp/org.eclipse.tm.tcf,tag=tags,path=0.3.0/plugins/org.eclipse.tm.tcf.debug
plugin@org.eclipse.tm.tcf.debug.ui=SVN,url=svn://dev.eclipse.org/svnroot/dsdp/org.eclipse.tm.tcf,tag=tags,path=0.3.0/plugins/org.eclipse.tm.tcf.debug.ui
plugin@org.eclipse.tm.tcf.rse=SVN,url=svn://dev.eclipse.org/svnroot/dsdp/org.eclipse.tm.tcf,tag=tags,path=0.3.0/plugins/org.eclipse.tm.tcf.rse
feature@org.eclipse.tm.tcf.feature=SVN,url=svn://dev.eclipse.org/svnroot/dsdp/org.eclipse.tm.tcf,tag=tags,path=0.3.0/features/org.eclipse.tm.tcf.feature

! Berkeley UPC
plugin@org.eclipse.cdt.managedbuilder.bupc.ui=@cdtTag@,/cvsroot/tools,,org.eclipse.cdt/upc/org.eclipse.cdt.managedbuilder.bupc.ui
feature@org.eclipse.cdt.bupc=@cdtTag@,/cvsroot/tools,,org.eclipse.cdt/upc/org.eclipse.cdt.bupc-feature

! Codan
plugin@org.eclipse.cdt.codan.core=@cdtTag@,/cvsroot/tools,,org.eclipse.cdt/codan/org.eclipse.cdt.codan.core
plugin@org.eclipse.cdt.codan.core.test=@cdtTag@,/cvsroot/tools,,org.eclipse.cdt/codan/org.eclipse.cdt.codan.core.test
plugin@org.eclipse.cdt.codan.ui=@cdtTag@,/cvsroot/tools,,org.eclipse.cdt/codan/org.eclipse.cdt.codan.ui
plugin@org.eclipse.cdt.codan.core.cxx=@cdtTag@,/cvsroot/tools,,org.eclipse.cdt/codan/org.eclipse.cdt.codan.core.cxx
plugin@org.eclipse.cdt.codan.ui.cxx=@cdtTag@,/cvsroot/tools,,org.eclipse.cdt/codan/org.eclipse.cdt.codan.ui.cxx
plugin@org.eclipse.cdt.codan.checkers=@cdtTag@,/cvsroot/tools,,org.eclipse.cdt/codan/org.eclipse.cdt.codan.checkers
plugin@org.eclipse.cdt.codan.checkers.ui=@cdtTag@,/cvsroot/tools,,org.eclipse.cdt/codan/org.eclipse.cdt.codan.checkers.ui
plugin@org.eclipse.cdt.codan.examples=@cdtTag@,/cvsroot/tools,,org.eclipse.cdt/codan/org.eclipse.cdt.codan.examples
feature@org.eclipse.cdt.codan.feature=@cdtTag@,/cvsroot/tools,,org.eclipse.cdt/codan/org.eclipse.cdt.codan-feature
